[2026-07-31T10:44:01.384779] Audit started: bundle=C:\Users\Thomas\Desktop\auditor\logs\audit_2026-07-31_10-44-01, base_path=C:\Users\Thomas\Desktop\auditor\target_project, severity=high, ci_mode=True, fix_mode=False
[2026-07-31T10:44:01.386511] Discovering projects in C:\Users\Thomas\Desktop\auditor\target_project
[2026-07-31T10:44:01.388380] Found projects: ['C:\\Users\\Thomas\\Desktop\\auditor\\target_project\\Link2MP4']
[2026-07-31T10:44:01.389391] Scanning project: C:\Users\Thomas\Desktop\auditor\target_project\Link2MP4
[2026-07-31T10:44:01.393236] Running PSScriptAnalyzer on C:\Users\Thomas\Desktop\auditor\target_project\Link2MP4
[2026-07-31T10:44:05.445662] PSScriptAnalyzer completed
[2026-07-31T11:00:47.659275] Audit started: bundle=C:\Users\Thomas\Desktop\auditor\logs\audit_2026-07-31_11-00-47, base_path=C:\Users\Thomas\Desktop\auditor/target_project, severity=high, ci_mode=True, fix_mode=False
[2026-07-31T11:00:47.663275] Discovering projects in C:\Users\Thomas\Desktop\auditor/target_project
[2026-07-31T11:00:47.666275] Found projects: ['C:\\Users\\Thomas\\Desktop\\auditor/target_project\\Link2MP4']
[2026-07-31T11:00:47.669276] Scanning project: C:\Users\Thomas\Desktop\auditor/target_project\Link2MP4
[2026-07-31T11:00:47.674274] Running PSScriptAnalyzer on C:\Users\Thomas\Desktop\auditor/target_project\Link2MP4
[2026-07-31T11:00:50.266499] PSScriptAnalyzer completed
[2026-07-31T11:03:25.543554] Audit started: bundle=C:\Users\Thomas\Desktop\auditor\logs\audit_2026-07-31_11-03-25, base_path=target_project, severity=high, ci_mode=True, fix_mode=False
[2026-07-31T11:03:25.549835] Discovering projects in target_project
[2026-07-31T11:03:25.550843] Found projects: ['target_project\\Link2MP4']
[2026-07-31T11:03:25.550843] Scanning project: target_project\Link2MP4
[2026-07-31T11:03:25.554494] Running PSScriptAnalyzer on target_project\Link2MP4
[2026-07-31T11:03:33.958284] PSScriptAnalyzer completed
[2026-07-31T11:06:42.043465] Audit started: bundle=C:\Users\Thomas\Desktop\auditor\logs\audit_2026-07-31_11-06-42, base_path=C:\Users\Thomas\Desktop\auditor/target_project, severity=high, ci_mode=True, fix_mode=False
[2026-07-31T11:06:42.047142] Discovering projects in C:\Users\Thomas\Desktop\auditor/target_project
[2026-07-31T11:06:42.049982] Found projects: ['C:\\Users\\Thomas\\Desktop\\auditor/target_project\\Link2MP4']
[2026-07-31T11:06:42.052134] Scanning project: C:\Users\Thomas\Desktop\auditor/target_project\Link2MP4
[2026-07-31T11:06:42.057233] Running PSScriptAnalyzer on C:\Users\Thomas\Desktop\auditor/target_project\Link2MP4
[2026-07-31T11:06:44.755507] PSScriptAnalyzer completed
